06:58:57 INFO    session cookie established → data/bodyparts3d/raw_4.3/_session_cookies.txt
06:58:57 INFO    session cookie established → data/bodyparts3d/raw_4.3/_session_cookies.txt
06:58:57 INFO    fetching metadata isa_parts_list_e.txt
06:58:57 INFO    fetching metadata isa_parts_list_e.txt
06:59:01 INFO    fetching metadata isa_element_parts.txt
06:59:01 INFO    fetching metadata isa_element_parts.txt
06:59:07 INFO    15 concept ids → 3 chunks of 5
06:59:07 INFO    15 concept ids → 3 chunks of 5
06:59:22 INFO    chunk 0000/3: 5 concepts → 22 FJ → 22 OBJ (0.7 MB)
06:59:22 INFO    chunk 0000/3: 5 concepts → 22 FJ → 22 OBJ (0.7 MB)
06:59:29 INFO    chunk 0001/3: 5 concepts → 11 FJ → 11 OBJ (0.5 MB)
06:59:29 INFO    chunk 0001/3: 5 concepts → 11 FJ → 11 OBJ (0.5 MB)
06:59:34 INFO    chunk 0002/3: 5 concepts → 12 FJ → 12 OBJ (0.2 MB)
06:59:34 INFO    chunk 0002/3: 5 concepts → 12 FJ → 12 OBJ (0.2 MB)
06:59:35 INFO    download phase done: 3 new, 0 skipped, 0 failed
06:59:35 INFO    download phase done: 3 new, 0 skipped, 0 failed
06:59:35 INFO    extracted 37 unique OBJ meshes → data/bodyparts3d/raw_4.3/objs
06:59:35 INFO    extracted 37 unique OBJ meshes → data/bodyparts3d/raw_4.3/objs
06:59:51 INFO    session cookie established → data/bodyparts3d/raw_4.3/_session_cookies.txt
06:59:51 INFO    session cookie established → data/bodyparts3d/raw_4.3/_session_cookies.txt
06:59:51 INFO    2905 concept ids → 73 chunks of 40
06:59:51 INFO    2905 concept ids → 73 chunks of 40
07:00:31 INFO    chunk 0003/73: 40 concepts → 230 FJ → 230 OBJ (11.5 MB)
07:00:31 INFO    chunk 0003/73: 40 concepts → 230 FJ → 230 OBJ (11.5 MB)
07:00:43 INFO    chunk 0004/73: 40 concepts → 43 FJ → 43 OBJ (3.8 MB)
07:00:43 INFO    chunk 0004/73: 40 concepts → 43 FJ → 43 OBJ (3.8 MB)
07:00:55 INFO    chunk 0005/73: 40 concepts → 55 FJ → 55 OBJ (2.8 MB)
07:00:55 INFO    chunk 0005/73: 40 concepts → 55 FJ → 55 OBJ (2.8 MB)
07:01:08 INFO    chunk 0006/73: 40 concepts → 198 FJ → 198 OBJ (2.0 MB)
07:01:08 INFO    chunk 0006/73: 40 concepts → 198 FJ → 198 OBJ (2.0 MB)
07:02:26 INFO    chunk 0007/73: 40 concepts → 344 FJ → 344 OBJ (45.6 MB)
07:02:26 INFO    chunk 0007/73: 40 concepts → 344 FJ → 344 OBJ (45.6 MB)
07:02:42 INFO    chunk 0008/73: 40 concepts → 149 FJ → 149 OBJ (8.0 MB)
07:02:42 INFO    chunk 0008/73: 40 concepts → 149 FJ → 149 OBJ (8.0 MB)
07:03:04 INFO    chunk 0009/73: 40 concepts → 255 FJ → 255 OBJ (8.3 MB)
07:03:04 INFO    chunk 0009/73: 40 concepts → 255 FJ → 255 OBJ (8.3 MB)
07:03:17 INFO    chunk 0010/73: 40 concepts → 34 FJ → 34 OBJ (22.2 MB)
07:03:17 INFO    chunk 0010/73: 40 concepts → 34 FJ → 34 OBJ (22.2 MB)
07:03:30 INFO    chunk 0011/73: 40 concepts → 74 FJ → 74 OBJ (7.5 MB)
07:03:30 INFO    chunk 0011/73: 40 concepts → 74 FJ → 74 OBJ (7.5 MB)
07:03:46 INFO    chunk 0012/73: 40 concepts → 212 FJ → 212 OBJ (8.7 MB)
07:03:46 INFO    chunk 0012/73: 40 concepts → 212 FJ → 212 OBJ (8.7 MB)
07:03:58 INFO    chunk 0013/73: 40 concepts → 70 FJ → 70 OBJ (3.5 MB)
07:03:58 INFO    chunk 0013/73: 40 concepts → 70 FJ → 70 OBJ (3.5 MB)
07:04:09 INFO    chunk 0014/73: 40 concepts → 81 FJ → 81 OBJ (2.5 MB)
07:04:09 INFO    chunk 0014/73: 40 concepts → 81 FJ → 81 OBJ (2.5 MB)
07:04:18 INFO    chunk 0015/73: 40 concepts → 52 FJ → 52 OBJ (4.0 MB)
07:04:18 INFO    chunk 0015/73: 40 concepts → 52 FJ → 52 OBJ (4.0 MB)
07:04:27 INFO    chunk 0016/73: 40 concepts → 70 FJ → 70 OBJ (1.7 MB)
07:04:27 INFO    chunk 0016/73: 40 concepts → 70 FJ → 70 OBJ (1.7 MB)
07:04:35 INFO    chunk 0017/73: 40 concepts → 52 FJ → 52 OBJ (4.8 MB)
07:04:35 INFO    chunk 0017/73: 40 concepts → 52 FJ → 52 OBJ (4.8 MB)
07:04:45 INFO    chunk 0018/73: 40 concepts → 41 FJ → 41 OBJ (9.0 MB)
07:04:45 INFO    chunk 0018/73: 40 concepts → 41 FJ → 41 OBJ (9.0 MB)
07:04:54 INFO    chunk 0019/73: 40 concepts → 52 FJ → 52 OBJ (2.5 MB)
07:04:54 INFO    chunk 0019/73: 40 concepts → 52 FJ → 52 OBJ (2.5 MB)
07:05:04 INFO    chunk 0020/73: 40 concepts → 54 FJ → 54 OBJ (4.3 MB)
07:05:04 INFO    chunk 0020/73: 40 concepts → 54 FJ → 54 OBJ (4.3 MB)
07:05:41 INFO    chunk 0021/73: 40 concepts → 88 FJ → 88 OBJ (8.8 MB)
07:05:41 INFO    chunk 0021/73: 40 concepts → 88 FJ → 88 OBJ (8.8 MB)
07:05:50 INFO    chunk 0022/73: 40 concepts → 42 FJ → 42 OBJ (4.1 MB)
07:05:50 INFO    chunk 0022/73: 40 concepts → 42 FJ → 42 OBJ (4.1 MB)
07:06:00 INFO    chunk 0023/73: 40 concepts → 42 FJ → 42 OBJ (3.7 MB)
07:06:00 INFO    chunk 0023/73: 40 concepts → 42 FJ → 42 OBJ (3.7 MB)
07:06:08 INFO    chunk 0024/73: 40 concepts → 43 FJ → 43 OBJ (1.4 MB)
07:06:08 INFO    chunk 0024/73: 40 concepts → 43 FJ → 43 OBJ (1.4 MB)
07:06:15 INFO    chunk 0025/73: 40 concepts → 66 FJ → 66 OBJ (3.7 MB)
07:06:15 INFO    chunk 0025/73: 40 concepts → 66 FJ → 66 OBJ (3.7 MB)
07:06:24 INFO    chunk 0026/73: 40 concepts → 30 FJ → 30 OBJ (2.0 MB)
07:06:24 INFO    chunk 0026/73: 40 concepts → 30 FJ → 30 OBJ (2.0 MB)
07:06:39 INFO    chunk 0027/73: 40 concepts → 62 FJ → 62 OBJ (0.6 MB)
07:06:39 INFO    chunk 0027/73: 40 concepts → 62 FJ → 62 OBJ (0.6 MB)
07:06:50 INFO    chunk 0028/73: 40 concepts → 40 FJ → 40 OBJ (0.5 MB)
07:06:50 INFO    chunk 0028/73: 40 concepts → 40 FJ → 40 OBJ (0.5 MB)
07:07:06 INFO    chunk 0029/73: 40 concepts → 71 FJ → 71 OBJ (1.1 MB)
07:07:06 INFO    chunk 0029/73: 40 concepts → 71 FJ → 71 OBJ (1.1 MB)
07:07:27 INFO    chunk 0030/73: 40 concepts → 266 FJ → 266 OBJ (12.8 MB)
07:07:27 INFO    chunk 0030/73: 40 concepts → 266 FJ → 266 OBJ (12.8 MB)
07:07:39 INFO    chunk 0031/73: 40 concepts → 102 FJ → 102 OBJ (8.7 MB)
07:07:39 INFO    chunk 0031/73: 40 concepts → 102 FJ → 102 OBJ (8.7 MB)
07:07:56 INFO    chunk 0032/73: 40 concepts → 74 FJ → 74 OBJ (4.4 MB)
07:07:56 INFO    chunk 0032/73: 40 concepts → 74 FJ → 74 OBJ (4.4 MB)
07:08:13 INFO    chunk 0033/73: 40 concepts → 212 FJ → 212 OBJ (12.4 MB)
07:08:13 INFO    chunk 0033/73: 40 concepts → 212 FJ → 212 OBJ (12.4 MB)
07:08:20 INFO    chunk 0034/73: 40 concepts → 37 FJ → 37 OBJ (0.8 MB)
07:08:20 INFO    chunk 0034/73: 40 concepts → 37 FJ → 37 OBJ (0.8 MB)
07:08:28 INFO    chunk 0035/73: 40 concepts → 40 FJ → 40 OBJ (1.9 MB)
07:08:28 INFO    chunk 0035/73: 40 concepts → 40 FJ → 40 OBJ (1.9 MB)
07:08:36 INFO    chunk 0036/73: 40 concepts → 38 FJ → 38 OBJ (2.5 MB)
07:08:36 INFO    chunk 0036/73: 40 concepts → 38 FJ → 38 OBJ (2.5 MB)
07:08:44 INFO    chunk 0037/73: 40 concepts → 42 FJ → 42 OBJ (2.1 MB)
07:08:44 INFO    chunk 0037/73: 40 concepts → 42 FJ → 42 OBJ (2.1 MB)
07:08:53 INFO    chunk 0038/73: 40 concepts → 31 FJ → 31 OBJ (2.3 MB)
07:08:53 INFO    chunk 0038/73: 40 concepts → 31 FJ → 31 OBJ (2.3 MB)
07:09:03 INFO    chunk 0039/73: 40 concepts → 64 FJ → 64 OBJ (5.7 MB)
07:09:03 INFO    chunk 0039/73: 40 concepts → 64 FJ → 64 OBJ (5.7 MB)
07:09:12 INFO    chunk 0040/73: 40 concepts → 92 FJ → 92 OBJ (5.0 MB)
07:09:12 INFO    chunk 0040/73: 40 concepts → 92 FJ → 92 OBJ (5.0 MB)
07:09:19 INFO    chunk 0041/73: 40 concepts → 33 FJ → 33 OBJ (1.2 MB)
07:09:19 INFO    chunk 0041/73: 40 concepts → 33 FJ → 33 OBJ (1.2 MB)
07:09:26 INFO    chunk 0042/73: 40 concepts → 33 FJ → 33 OBJ (2.4 MB)
07:09:26 INFO    chunk 0042/73: 40 concepts → 33 FJ → 33 OBJ (2.4 MB)
07:09:33 INFO    chunk 0043/73: 40 concepts → 25 FJ → 25 OBJ (5.3 MB)
07:09:33 INFO    chunk 0043/73: 40 concepts → 25 FJ → 25 OBJ (5.3 MB)
07:10:01 INFO    chunk 0044/73: 40 concepts → 81 FJ → 81 OBJ (6.5 MB)
07:10:01 INFO    chunk 0044/73: 40 concepts → 81 FJ → 81 OBJ (6.5 MB)
07:10:12 INFO    chunk 0045/73: 40 concepts → 176 FJ → 176 OBJ (4.9 MB)
07:10:12 INFO    chunk 0045/73: 40 concepts → 176 FJ → 176 OBJ (4.9 MB)
07:10:36 INFO    chunk 0046/73: 40 concepts → 70 FJ → 70 OBJ (2.8 MB)
07:10:36 INFO    chunk 0046/73: 40 concepts → 70 FJ → 70 OBJ (2.8 MB)
07:10:43 INFO    chunk 0047/73: 40 concepts → 58 FJ → 58 OBJ (1.5 MB)
07:10:43 INFO    chunk 0047/73: 40 concepts → 58 FJ → 58 OBJ (1.5 MB)
07:10:50 INFO    chunk 0048/73: 40 concepts → 33 FJ → 33 OBJ (0.7 MB)
07:10:50 INFO    chunk 0048/73: 40 concepts → 33 FJ → 33 OBJ (0.7 MB)
07:11:32 INFO    chunk 0049/73: 40 concepts → 993 FJ → 993 OBJ (34.0 MB)
07:11:32 INFO    chunk 0049/73: 40 concepts → 993 FJ → 993 OBJ (34.0 MB)
07:11:39 INFO    chunk 0050/73: 40 concepts → 26 FJ → 26 OBJ (0.6 MB)
07:11:39 INFO    chunk 0050/73: 40 concepts → 26 FJ → 26 OBJ (0.6 MB)
07:11:49 INFO    chunk 0051/73: 40 concepts → 32 FJ → 32 OBJ (3.5 MB)
07:11:49 INFO    chunk 0051/73: 40 concepts → 32 FJ → 32 OBJ (3.5 MB)
07:12:19 INFO    chunk 0052/73: 40 concepts → 72 FJ → 72 OBJ (4.8 MB)
07:12:19 INFO    chunk 0052/73: 40 concepts → 72 FJ → 72 OBJ (4.8 MB)
07:13:33 INFO    chunk 0053/73: 40 concepts → 909 FJ → 909 OBJ (85.5 MB)
07:13:33 INFO    chunk 0053/73: 40 concepts → 909 FJ → 909 OBJ (85.5 MB)
07:13:40 INFO    chunk 0054/73: 40 concepts → 38 FJ → 38 OBJ (3.3 MB)
07:13:40 INFO    chunk 0054/73: 40 concepts → 38 FJ → 38 OBJ (3.3 MB)
07:13:58 INFO    chunk 0055/73: 40 concepts → 44 FJ → 44 OBJ (26.9 MB)
07:13:58 INFO    chunk 0055/73: 40 concepts → 44 FJ → 44 OBJ (26.9 MB)
07:16:09 INFO    chunk 0056/73: 40 concepts → 2234 FJ → 2234 OBJ (143.2 MB)
07:16:09 INFO    chunk 0056/73: 40 concepts → 2234 FJ → 2234 OBJ (143.2 MB)
07:16:19 INFO    chunk 0057/73: 40 concepts → 78 FJ → 78 OBJ (4.8 MB)
07:16:19 INFO    chunk 0057/73: 40 concepts → 78 FJ → 78 OBJ (4.8 MB)
09:29:17 INFO    extracted 2234 unique OBJ meshes → /Volumes/UCL/Forward_Model_Vagus_Nerve/data/bodyparts3d/raw_4.3/objs
09:29:17 INFO    extracted 2234 unique OBJ meshes → /Volumes/UCL/Forward_Model_Vagus_Nerve/data/bodyparts3d/raw_4.3/objs
10:18:44 INFO    session cookie established -> data/bodyparts3d/raw_4.3/_session_cookies.txt
10:18:44 INFO    fetching 4.3 manifest (concept-objfiles-list)
10:18:47 INFO    fetching FJ<->BP map (obj2FMA upload-all-list)
10:18:54 INFO    authoritative 4.3 object set: 3210 FJ (downloadable: 3210)
10:18:54 INFO    3210 FJ -> 65 chunks of 50
10:18:58 INFO    chunk 0000/65: 50 FJ -> 50 OBJ (2.5 MB)
10:19:04 INFO    chunk 0001/65: 50 FJ -> 50 OBJ (4.1 MB)
10:19:09 INFO    chunk 0002/65: 50 FJ -> 50 OBJ (3.1 MB)
10:19:15 INFO    chunk 0003/65: 50 FJ -> 50 OBJ (3.0 MB)
10:19:21 INFO    chunk 0004/65: 50 FJ -> 50 OBJ (4.0 MB)
10:19:32 INFO    chunk 0005/65: 50 FJ -> 50 OBJ (24.1 MB)
10:19:37 INFO    chunk 0006/65: 50 FJ -> 50 OBJ (2.5 MB)
10:19:42 INFO    chunk 0007/65: 50 FJ -> 50 OBJ (3.9 MB)
10:19:47 INFO    chunk 0008/65: 50 FJ -> 50 OBJ (6.2 MB)
10:19:52 INFO    chunk 0009/65: 50 FJ -> 50 OBJ (2.9 MB)
10:19:59 INFO    chunk 0010/65: 50 FJ -> 50 OBJ (1.4 MB)
10:20:03 INFO    chunk 0011/65: 50 FJ -> 50 OBJ (1.0 MB)
10:20:09 INFO    chunk 0012/65: 50 FJ -> 50 OBJ (2.3 MB)
10:20:16 INFO    chunk 0013/65: 50 FJ -> 50 OBJ (4.7 MB)
10:20:22 INFO    chunk 0014/65: 50 FJ -> 50 OBJ (4.4 MB)
10:20:28 INFO    chunk 0015/65: 50 FJ -> 50 OBJ (4.4 MB)
10:20:34 INFO    chunk 0016/65: 50 FJ -> 50 OBJ (5.0 MB)
10:20:40 INFO    chunk 0017/65: 50 FJ -> 50 OBJ (4.4 MB)
10:20:45 INFO    chunk 0018/65: 50 FJ -> 50 OBJ (2.6 MB)
10:20:51 INFO    chunk 0019/65: 50 FJ -> 50 OBJ (2.6 MB)
10:20:55 INFO    chunk 0020/65: 50 FJ -> 50 OBJ (1.3 MB)
10:21:02 INFO    chunk 0021/65: 50 FJ -> 50 OBJ (2.7 MB)
10:21:06 INFO    chunk 0022/65: 50 FJ -> 50 OBJ (0.6 MB)
10:21:11 INFO    chunk 0023/65: 50 FJ -> 50 OBJ (1.4 MB)
10:21:16 INFO    chunk 0024/65: 50 FJ -> 50 OBJ (1.8 MB)
10:21:20 INFO    chunk 0025/65: 50 FJ -> 50 OBJ (0.5 MB)
10:21:23 INFO    chunk 0026/65: 50 FJ -> 50 OBJ (0.4 MB)
10:21:29 INFO    chunk 0027/65: 50 FJ -> 50 OBJ (6.0 MB)
10:21:36 INFO    chunk 0028/65: 50 FJ -> 50 OBJ (9.3 MB)
10:21:42 INFO    chunk 0029/65: 50 FJ -> 50 OBJ (1.7 MB)
10:21:45 INFO    chunk 0030/65: 50 FJ -> 50 OBJ (0.3 MB)
10:21:49 INFO    chunk 0031/65: 50 FJ -> 50 OBJ (0.4 MB)
10:21:53 INFO    chunk 0032/65: 50 FJ -> 50 OBJ (0.4 MB)
10:21:58 INFO    chunk 0033/65: 50 FJ -> 50 OBJ (1.1 MB)
10:22:05 INFO    chunk 0034/65: 50 FJ -> 50 OBJ (3.3 MB)
10:22:12 INFO    chunk 0035/65: 50 FJ -> 50 OBJ (2.3 MB)
10:22:20 INFO    chunk 0036/65: 50 FJ -> 50 OBJ (2.9 MB)
10:22:27 INFO    chunk 0037/65: 50 FJ -> 50 OBJ (1.1 MB)
10:22:34 INFO    chunk 0038/65: 50 FJ -> 50 OBJ (2.5 MB)
10:22:40 INFO    chunk 0039/65: 50 FJ -> 50 OBJ (3.5 MB)
10:22:45 INFO    chunk 0040/65: 50 FJ -> 50 OBJ (1.6 MB)
10:22:50 INFO    chunk 0041/65: 50 FJ -> 50 OBJ (1.7 MB)
10:22:55 INFO    chunk 0042/65: 50 FJ -> 50 OBJ (3.2 MB)
10:23:00 INFO    chunk 0043/65: 50 FJ -> 50 OBJ (3.8 MB)
10:23:05 INFO    chunk 0044/65: 50 FJ -> 50 OBJ (2.1 MB)
10:23:10 INFO    chunk 0045/65: 50 FJ -> 50 OBJ (1.4 MB)
10:23:14 INFO    chunk 0046/65: 50 FJ -> 50 OBJ (1.8 MB)
10:23:20 INFO    chunk 0047/65: 50 FJ -> 50 OBJ (1.8 MB)
10:23:25 INFO    chunk 0048/65: 50 FJ -> 50 OBJ (2.6 MB)
10:23:30 INFO    chunk 0049/65: 50 FJ -> 50 OBJ (1.6 MB)
10:23:35 INFO    chunk 0050/65: 50 FJ -> 50 OBJ (1.0 MB)
10:23:40 INFO    chunk 0051/65: 50 FJ -> 50 OBJ (1.2 MB)
10:23:45 INFO    chunk 0052/65: 50 FJ -> 50 OBJ (1.8 MB)
10:23:49 INFO    chunk 0053/65: 50 FJ -> 50 OBJ (1.4 MB)
10:23:53 INFO    chunk 0054/65: 50 FJ -> 50 OBJ (0.4 MB)
10:23:57 INFO    chunk 0055/65: 50 FJ -> 50 OBJ (0.4 MB)
10:24:01 INFO    chunk 0056/65: 50 FJ -> 50 OBJ (0.4 MB)
10:24:06 INFO    chunk 0057/65: 50 FJ -> 50 OBJ (1.0 MB)
10:24:13 INFO    chunk 0058/65: 50 FJ -> 50 OBJ (1.7 MB)
10:24:20 INFO    chunk 0059/65: 50 FJ -> 50 OBJ (2.1 MB)
10:24:24 INFO    chunk 0060/65: 50 FJ -> 50 OBJ (0.5 MB)
10:24:28 INFO    chunk 0061/65: 50 FJ -> 50 OBJ (1.1 MB)
10:24:35 INFO    chunk 0062/65: 50 FJ -> 50 OBJ (12.3 MB)
10:24:40 INFO    chunk 0063/65: 50 FJ -> 50 OBJ (4.9 MB)
10:24:44 INFO    chunk 0064/65: 10 FJ -> 10 OBJ (0.5 MB)
10:24:44 INFO    download phase done: 65 new, 0 skipped, 0 failed
10:24:49 INFO    extracted 3210 unique in-manifest OBJ meshes -> data/bodyparts3d/raw_4.3/objs
10:25:05 INFO    VERIFY: manifest=3210  present=3210  missing=0  extras(not in 4.3)=0  bad=0
10:25:05 INFO      wrote data/bodyparts3d/raw_4.3/MANIFEST.csv (3210 rows)
